// Jest Snapshot v1, https://goo.gl/fbAQLP

exports[`Test AddNewTeam Component should render the component 1`] = `
<Provider
  store={
    Object {
      "dispatch": [Function],
      "getState": [Function],
      "replaceReducer": [Function],
      "subscribe": [Function],
      Symbol(observable): [Function],
    }
  }
>
  <Connect(AddNewTeam)
    addnewteam={[MockFunction]}
    history={
      Array [
        "/",
      ]
    }
  >
    <AddNewTeam
      addTeam={[Function]}
      addnewteam={[MockFunction]}
      error=""
      history={
        Array [
          "/",
        ]
      }
      users={Array []}
    >
      <div>
        <form
          id="addnewteamform"
        >
          <fieldset>
            <h1
              className="teamadminheader"
            >
              Add New Team
            </h1>
            <input
              className="teamadminnewinput"
              name="team_name"
              onChange={[Function]}
              placeholder="Enter New Team Name"
              type="text"
            />
            <div
              className="teamnameerror"
              style={
                Object {
                  "color": "red",
                  "fontSize": 15,
                }
              }
            >
              <p />
            </div>
            <button
              className="teamadmin-new-button"
              onClick={[Function]}
            >
              Add Team
            </button>
          </fieldset>
        </form>
      </div>
    </AddNewTeam>
  </Connect(AddNewTeam)>
</Provider>
`;
