// Jest Snapshot v1, https://goo.gl/fbAQLP

exports[`Test Team Component should render the component 1`] = `
<Home
  fixtures={
    Array [
      Object {
        "match": "India vs Pakistan",
        "match_date": "29/11/1997",
        "time": "12:00 IST",
      },
      Object {
        "match": "India vs Srilanka",
        "match_date": "5/12/1997",
        "time": "12:00 IST",
      },
    ]
  }
  getFixtures={
    [MockFunction] {
      "calls": Array [
        Array [],
      ],
      "results": Array [
        Object {
          "type": "return",
          "value": undefined,
        },
      ],
    }
  }
  getHeadline={
    [MockFunction] {
      "calls": Array [
        Array [
          1,
        ],
      ],
      "results": Array [
        Object {
          "type": "return",
          "value": undefined,
        },
      ],
    }
  }
  getHeadlines={
    [MockFunction] {
      "calls": Array [
        Array [],
      ],
      "results": Array [
        Object {
          "type": "return",
          "value": undefined,
        },
      ],
    }
  }
  getMatchesRecentMatches={
    [MockFunction] {
      "calls": Array [
        Array [],
      ],
      "results": Array [
        Object {
          "type": "return",
          "value": undefined,
        },
      ],
    }
  }
  headline={
    Array [
      Object {
        "headline_description": "test Descrption",
        "headlines": "Test headline",
      },
    ]
  }
  headlines={
    Array [
      Object {
        "headline_id": 1,
        "headlines": "Master Blaster Sachin baby",
      },
      Object {
        "headline_id": 2,
        "headlines": "BCCI President elections coming up",
      },
    ]
  }
  home={[MockFunction]}
  match={
    Array [
      Object {
        "match_competition": "Big bAsh leagues",
        "match_id": 2,
        "match_type": "ODI",
        "team1": "India",
        "team2": "Pakistan",
      },
      Object {
        "match_competition": "Big bAsh leagues",
        "match_id": 2,
        "match_type": "T20",
        "team1": "India",
        "team2": "Srilanka",
      },
    ]
  }
>
  <div
    style={
      Object {
        "marginTop": "80px",
      }
    }
  >
    <div
      className="home-flex-container"
      id="test"
    >
      <div
        className="site"
      >
        <div
          className="fixtures "
        >
          <h2
            className="fixtures-header"
            id="fixtures-header"
          >
            Fixtures
          </h2>
          <div
            className="col-content"
          >
            <ul
              className="home-ul"
            >
              <p
                class="home-p"
              >
                <span
                  id="matchName0"
                >
                  India vs Pakistan
                </span>
                 
                <span
                  className="home-time"
                >
                  29/11/1997
                   at 
                  12:00 IST
                </span>
                <hr
                  className="home-hr"
                />
              </p>
              <p
                class="home-p"
              >
                <span
                  id="matchName1"
                >
                  India vs Srilanka
                </span>
                 
                <span
                  className="home-time"
                >
                  5/12/1997
                   at 
                  12:00 IST
                </span>
                <hr
                  className="home-hr"
                />
              </p>
            </ul>
          </div>
        </div>
        <div
          className="news"
        >
          <div
            className="col-center"
          >
            <h2
              className="news-header"
              id="news-Section"
            >
              India's Tour of WestIndies
            </h2>
            <div
              col-content={true}
            >
              <figure>
                <img
                  className="homeimg"
                  src="DHONI.png"
                />
              </figure>
              <figcaption>
                <span
                  className="newsTitle"
                >
                  Test headline
                </span>
                <hr
                  className="home-hr"
                />
                <p
                  className="home-p"
                  style={
                    Object {
                      "fontSize": "15px",
                      "paddingLeft": "5px",
                    }
                  }
                />
              </figcaption>
            </div>
          </div>
        </div>
        <div
          className="headlines"
        >
          <h2
            className="fixtures-header"
            id="headlines"
          >
            Headlines
          </h2>
          <div
            className="col-content"
          >
            <ul
              className="home-ul"
            >
              <a
                onClick={[Function]}
              >
                 
                <li
                  className="home-li"
                  id="singleheadline0"
                  style={
                    Object {
                      "cursor": "pointer",
                    }
                  }
                >
                  Master Blaster Sachin baby
                </li>
              </a>
              <hr
                className="home-hr"
              />
              <a
                onClick={[Function]}
              >
                 
                <li
                  className="home-li"
                  id="singleheadline1"
                  style={
                    Object {
                      "cursor": "pointer",
                    }
                  }
                >
                  BCCI President elections coming up
                </li>
              </a>
              <hr
                className="home-hr"
              />
            </ul>
          </div>
        </div>
        <div
          className="home-match-container"
        >
          <div
            className="testimonials"
            id="#recent-matches"
          >
            <div
              className="card"
            >
              <span
                className="tournament-home"
              >
                 
                 
                - 
                ODI
              </span>
              <div
                className="parent"
              >
                <div
                  className="first"
                >
                  <img
                    className="imgformatch"
                    src="india.jpg"
                  />
                  <p
                    id="matchTeamOne0"
                    style={
                      Object {
                        "wordBreak": "break-word",
                      }
                    }
                  >
                    India
                  </p>
                </div>
                <div
                  className="second"
                >
                  <button
                    className="buttonformatch"
                  >
                    View
                  </button>
                </div>
                <div
                  className="third"
                >
                  <img
                    className="imgformatch"
                    src="pakistan.jpg"
                  />
                  <p
                    id="matchTeamTwo0"
                  >
                    Pakistan
                  </p>
                </div>
              </div>
            </div>
            <div
              className="card"
            >
              <span
                className="tournament-home"
              >
                 
                 
                - 
                T20
              </span>
              <div
                className="parent"
              >
                <div
                  className="first"
                >
                  <img
                    className="imgformatch"
                    src="india.jpg"
                  />
                  <p
                    id="matchTeamOne1"
                    style={
                      Object {
                        "wordBreak": "break-word",
                      }
                    }
                  >
                    India
                  </p>
                </div>
                <div
                  className="second"
                >
                  <button
                    className="buttonformatch"
                  >
                    View
                  </button>
                </div>
                <div
                  className="third"
                >
                  <img
                    className="imgformatch"
                    src="pakistan.jpg"
                  />
                  <p
                    id="matchTeamTwo1"
                  >
                    Srilanka
                  </p>
                </div>
              </div>
            </div>
          </div>
        </div>
      </div>
    </div>
     
  </div>
</Home>
`;
