// Jest Snapshot v1, https://goo.gl/fbAQLP

exports[`Test MAtch Component should render the component 1`] = `
<Home
  fixtures={
    Array [
      Object {
        "match_date": "29/11/1997",
        "match_time": "12:00 IST",
        "match_type": "ODI",
        "team1_name": "India",
        "team2_name": "Pakistan",
      },
      Object {
        "match_date": "29/11/1997",
        "match_time": "12:00 IST",
        "match_type": "ODI",
        "team1_name": "India",
        "team2_name": "Pakistan",
      },
    ]
  }
  getFixtures={
    [MockFunction] {
      "calls": Array [
        Array [],
      ],
      "results": Array [
        Object {
          "type": "return",
          "value": undefined,
        },
      ],
    }
  }
  getHeadline={
    [MockFunction] {
      "calls": Array [
        Array [
          46,
        ],
      ],
      "results": Array [
        Object {
          "type": "return",
          "value": undefined,
        },
      ],
    }
  }
  getHeadlines={
    [MockFunction] {
      "calls": Array [
        Array [],
      ],
      "results": Array [
        Object {
          "type": "return",
          "value": undefined,
        },
      ],
    }
  }
  getMatchesRecentMatches={
    [MockFunction] {
      "calls": Array [
        Array [
          undefined,
        ],
      ],
      "results": Array [
        Object {
          "type": "return",
          "value": undefined,
        },
      ],
    }
  }
  headline={
    Array [
      Object {
        "headline_description": "test Descrption",
        "headlines": "Test headline",
      },
    ]
  }
  headlines={
    Array [
      Object {
        "headline_id": 1,
        "headlines": "Master Blaster Sachin baby",
      },
      Object {
        "headline_id": 2,
        "headlines": "BCCI President elections coming up",
      },
    ]
  }
  history={
    Object {
      "push": [MockFunction],
    }
  }
  home={[MockFunction]}
  match={
    Array [
      Object {
        "match_competition": "Big bAsh leagues",
        "match_id": 2,
        "match_type": "ODI",
        "team1": "India",
        "team2": "Pakistan",
      },
      Object {
        "match_competition": "Big bAsh leagues",
        "match_id": 3,
        "match_type": "T20",
        "team1": "India",
        "team2": "Srilanka",
      },
    ]
  }
>
  <div
    style={
      Object {
        "marginTop": "80px",
      }
    }
  >
    <div
      className="loader-container"
      style={
        Object {
          "marginTop": "20vw",
        }
      }
    >
      <div
        className="user-loader"
      />
    </div>
  </div>
</Home>
`;
