// Jest Snapshot v1, https://goo.gl/fbAQLP

exports[`Testing Footer Component should mount the component 1`] = `
<div
  className="nav-container"
>
  <div
    className="nav-header"
  >
    <a
      className="logo"
      id="Brand"
    >
      <Link
        to="/"
      >
        Crickstrait
      </Link>
    </a>
    <a
      className="options"
      id="menState"
      onClick={[MockFunction]}
      style={
        Object {
          "marginRight": "5px",
        }
      }
    >
      Men
    </a>
    <a
      className="options"
      id="femaleState"
      onClick={[MockFunction]}
    >
      Women
    </a>
    <input
      className="menu-btn"
      id="menu-btn"
      type="checkbox"
    />
    <label
      className="menu-icon"
      for="menu-btn"
    >
      <span
        className="navicon"
      />
    </label>
    <ul
      className="menu"
    >
      <li
        id="Rankings"
      >
        <Link
          to="/rankings"
        >
          Rankings
        </Link>
      </li>
      <li
        id="matches"
      >
        <Link
          to="/matches"
        >
          Matches
        </Link>
      </li>
      <li
        id="teams"
      >
        <Link
          to="/teams"
        >
          Teams
        </Link>
      </li>
      <li
        id="players"
      >
        <Link
          to="/Players"
        >
          Players
        </Link>
      </li>
      <li
        style={
          Object {
            "textAlign": "center",
          }
        }
      >
        <input
          className="nav-search-bar"
          id="globalSearchBar"
          name="search_term"
          onChange={[Function]}
          type="text"
          value=""
        />
        <button
          className="nav-search-button"
          id="searchButton"
          onClick={[Function]}
        >
          <i
            className="fa fa-search"
          />
        </button>
      </li>
      <li>
        <Link
          to="/login"
        >
          Login
        </Link>
      </li>
    </ul>
  </div>
</div>
`;
