// Jest Snapshot v1, https://goo.gl/fbAQLP

exports[`Test paginatePlayers Component should render the component 1`] = `
<div
  style={
    Object {
      "marginTop": "80px",
    }
  }
>
  <div
    className="players-search-section"
  >
    <input
      id="searchPlayer"
      name="playerName"
      onChange={[Function]}
      placeholder="Search for Players"
      type="text"
      value=""
    />
    <button
      id="searchButton"
      onClick={[Function]}
    >
       
      <i
        class="fa fa-search"
      />
    </button>
  </div>
  <InfiniteScroll
    dataLength={0}
    disableBrowserPullToRefresh={true}
    endMessage={
      <p
        style={
          Object {
            "textAlign": "center",
          }
        }
      >
        <b>
          Yay! You have seen all Players
        </b>
      </p>
    }
    hasMore={true}
    height={600}
    loader={
      <div
        className="loader-container"
      >
        <div
          className="user-loader"
        />
      </div>
    }
    next={[Function]}
    pullDownToRefreshContent={
      <h3>
        Pull down to refresh
      </h3>
    }
    pullDownToRefreshThreshold={100}
    releaseToRefreshContent={
      <h3>
        Release to refresh
      </h3>
    }
  >
    <div
      className="players-card-container"
    />
  </InfiniteScroll>
</div>
`;
