// Jest Snapshot v1, https://goo.gl/fbAQLP

exports[`Test Team Component should render the component 1`] = `
<div>
  <div
    className="rankings-button-container"
  >
    <button
      className="ranking-test-button ranking-active"
      onClick={[Function]}
    >
      Test
    </button>
    <button
      className="ranking-odi-button"
      onClick={[Function]}
    >
      ODI
    </button>
    <button
      className="ranking-t20-button"
      onClick={[Function]}
    >
      T20
    </button>
  </div>
  <div
    className="rankingmain-container"
  >
    <div
      class="ranking-container"
    >
      <div>
        <h2
          className="rankings-container-header"
        >
           
          ICC 
           Batting
        </h2>
        <table
          class="ranking-table"
        >
          <tr>
            <th>
              Rank
            </th>
            <th>
              Player Image
            </th>
            <th>
              Player
            </th>
            <th>
              Team
            </th>
            <th>
              Ratings
            </th>
          </tr>
          <tr>
            <td />
            <td>
              <img
                className="rankingplayerIcon"
                src="player.jpg"
              />
            </td>
            <td />
            <td />
            <td />
          </tr>
          <tr>
            <td />
            <td>
              <img
                className="rankingplayerIcon"
                src="player.jpg"
              />
            </td>
            <td />
            <td />
            <td />
          </tr>
        </table>
      </div>
      <div>
        <h2
          className="rankings-container-header"
        >
          ICC 
           Bowling
        </h2>
        <table
          class="ranking-table"
        >
          <tr>
            <th>
              Rank
            </th>
            <th>
              Player Image
            </th>
            <th>
              Player
            </th>
            <th>
              Team
            </th>
            <th>
              Ratings
            </th>
          </tr>
        </table>
      </div>
    </div>
    <div
      class="ranking-container1"
    >
      <div>
        <h2
          className="rankings-container-header"
        >
          ICC 
           All-Rounder
        </h2>
        <table
          class="ranking-table"
        >
          <tr>
            <th>
              Rank
            </th>
            <th>
              Player Image
            </th>
            <th>
              Player
            </th>
            <th>
              Team
            </th>
            <th>
              Ratings
            </th>
          </tr>
        </table>
      </div>
      <div>
        <h2
          className="rankings-container-header"
        >
          ICC 
           Teams
        </h2>
        <table
          class="ranking-table"
        >
          <tr>
            <th>
              Rank
            </th>
            <th>
              Team Image
            </th>
            <th>
              Team
            </th>
            <th>
              Ratings
            </th>
            <th>
              Points
            </th>
          </tr>
          <tr>
            <td />
            <td>
              <img
                className="rankingplayerIcon"
                src="player.jpg"
              />
            </td>
            <td />
            <td />
            <td />
          </tr>
          <tr>
            <td />
            <td>
              <img
                className="rankingplayerIcon"
                src="player.jpg"
              />
            </td>
            <td />
            <td />
            <td />
          </tr>
        </table>
      </div>
    </div>
  </div>
</div>
`;
