// Jest Snapshot v1, https://goo.gl/fbAQLP

exports[`Test ResetPassword Component should render the component 1`] = `
<Provider
  store={
    Object {
      "dispatch": [Function],
      "getState": [Function],
      "replaceReducer": [Function],
      "subscribe": [Function],
      Symbol(observable): [Function],
    }
  }
>
  <Connect(ResetPassword)
    history={Array []}
    resetpassword={
      Object {
        "$$typeof": Symbol(react.memo),
        "WrappedComponent": [Function],
        "compare": null,
        "displayName": "Connect(ResetPassword)",
        "type": [Function],
      }
    }
  >
    <ResetPassword
      error=""
      history={Array []}
      resetPassword={[Function]}
      resetpassword={
        Object {
          "$$typeof": Symbol(react.memo),
          "WrappedComponent": [Function],
          "compare": null,
          "displayName": "Connect(ResetPassword)",
          "type": [Function],
        }
      }
      users={Array []}
    >
      <div>
        <form
          id="resetpasswordform"
        >
          <fieldset>
            <h1
              className="resetpasswordheader"
            >
              Reset Password
            </h1>
            <input
              className="resetpassword"
              name="email"
              onChange={[Function]}
              placeholder="Enter email"
              type="text"
            />
            <input
              className="resetpassword"
              name="password"
              onChange={[Function]}
              placeholder="Password"
              type="password"
            />
            <input
              className="resetpassword"
              name="confirmpassword"
              onChange={[Function]}
              placeholder="Confirm Password"
              type="password"
            />
            <div
              className="loginerror"
              style={
                Object {
                  "color": "red",
                  "fontSize": 15,
                }
              }
            />
            <button
              className="resetpassword-button"
              onClick={[Function]}
            >
              Update Password
            </button>
          </fieldset>
        </form>
      </div>
    </ResetPassword>
  </Connect(ResetPassword)>
</Provider>
`;
